// Jest Snapshot v1, https://goo.gl/fbAQLP

exports[`Thumbnail renders correctly 1`] = `
<div
  className="sc-bdfBQB kwGLrC"
/>
`;
